------------------------------------------------------------
Timing Analyzer Summary
------------------------------------------------------------

Type  : Slow 1100mV 85C Model Setup 'clk'
Slack : -13.659
TNS   : -19852.133

Type  : Slow 1100mV 85C Model Hold 'clk'
Slack : 0.273
TNS   : 0.000

Type  : Slow 1100mV 85C Model Minimum Pulse Width 'clk'
Slack : -3.166
TNS   : -4321.158

Type  : Slow 1100mV 0C Model Setup 'clk'
Slack : -13.699
TNS   : -19593.069

Type  : Slow 1100mV 0C Model Hold 'clk'
Slack : 0.260
TNS   : 0.000

Type  : Slow 1100mV 0C Model Minimum Pulse Width 'clk'
Slack : -3.166
TNS   : -4565.264

Type  : Fast 1100mV 85C Model Setup 'clk'
Slack : -6.424
TNS   : -9046.802

Type  : Fast 1100mV 85C Model Hold 'clk'
Slack : 0.145
TNS   : 0.000

Type  : Fast 1100mV 85C Model Minimum Pulse Width 'clk'
Slack : -2.636
TNS   : -1992.674

Type  : Fast 1100mV 0C Model Setup 'clk'
Slack : -5.740
TNS   : -7840.540

Type  : Fast 1100mV 0C Model Hold 'clk'
Slack : 0.136
TNS   : 0.000

Type  : Fast 1100mV 0C Model Minimum Pulse Width 'clk'
Slack : -2.636
TNS   : -2000.195

------------------------------------------------------------
